// Jest Snapshot v1, https://goo.gl/fbAQLP

exports[`Notification Settings Component should render properly 1`] = `
<React.Fragment>
<<<<<<< HEAD
<<<<<<< HEAD
  <section
    className="preference-main"
  >
    <h1>
      Notification Settings
    </h1>
    <NotificationSetting
      body="You’ll receive an invite email to sign up when an admin invites you to join an office on Converge."
      key="Meeting Room Invitation"
      title="Meeting Room Invitation"
    />
    <NotificationSetting
      body="You’ll receive email notification updates for events you’ve been invited to i.e event changes and cancellation "
      key="Meeting Notifications"
      title="Meeting Notifications"
    />
    <NotificationSetting
      body="You’ll receive email notifications any time a room display goes offline"
      key="Device Health Notifications"
      title="Device Health Notifications"
    />
  </section>
=======
  <cancelledEvent />
>>>>>>> ft(notification): cancelled event notification (#89)
=======
  <cancelledEvent />
>>>>>>> #160951599 Fix Room Capacity button functionality on Nairobi  office (#93)
</React.Fragment>
`;
