// Jest Snapshot v1, https://goo.gl/fbAQLP

exports[`Tests for AmenityList Component renders correctly from memory 1`] = `
<div
  className="settings-amenity"
>
  <AddResource />
  <div
    className="settings-amenity-list"
  >
    <table>
      <colgroup>
        <col
          className="first-col"
        />
        <col />
        <col
          className="last-col"
        />
      </colgroup>
      <thead>
        <tr>
          <th>
            Amenities
          </th>
          <th>
            Rooms
          </th>
          <th>
            Action
          </th>
        </tr>
      </thead>
      <tbody>
        <Amenity
          amenity={
            Object {
              "name": "Apple TV",
              "rooms": 18,
            }
          }
          doDelete={[Function]}
          key="Apple TV"
        />
        <Amenity
          amenity={
            Object {
              "name": "Jabra Speaker",
              "rooms": 26,
            }
          }
          doDelete={[Function]}
          key="Jabra Speaker"
        />
        <Amenity
          amenity={
            Object {
              "name": "White Board",
              "rooms": 18,
            }
          }
          doDelete={[Function]}
          key="White Board"
        />
        <Amenity
          amenity={
            Object {
              "name": "Marker",
              "rooms": 24,
            }
          }
          doDelete={[Function]}
          key="Marker"
        />
        <Amenity
          amenity={
            Object {
              "name": "Air Conditioner",
              "rooms": 14,
            }
          }
          doDelete={[Function]}
          key="Air Conditioner"
        />
        <Amenity
          amenity={
            Object {
              "name": "Chair",
              "rooms": 18,
            }
          }
          doDelete={[Function]}
          key="Chair"
        />
      </tbody>
    </table>
  </div>
</div>
`;
