// Jest Snapshot v1, https://goo.gl/fbAQLP

exports[`ContentBlock Component renders correctly in memory 1`] = `
<div
  className="content-block"
>
  Content Block
</div>
`;
