// Jest Snapshot v1, https://goo.gl/fbAQLP

exports[`DeleteOffice Test Suite renders as expected 1`] = `
<MrmModal
  buttonText="Delete"
  className="delete-modal"
  closeModal={false}
  handleCloseRequest={[Function]}
  modalButtonClassName="button"
  title="DELETE OFFICE"
>
  <div
    className="delete-modal-content"
  >
    <p
      id="confirm-msg"
    >
      Are you sure you want to delete the 
      "EPIC TOWER"
       
      office? This cannot be undone & all data will be lost
    </p>
    <div
      className="modal-actions"
    >
      <button
        id="cancel-btn"
        onClick={[Function]}
      >
        CANCEL
      </button>
      <button
        id="delete-btn"
        onClick={[Function]}
      >
        DELETE
      </button>
    </div>
  </div>
</MrmModal>
`;
