// Jest Snapshot v1, https://goo.gl/fbAQLP

exports[`EditWing Component renders properly 1`] = `
<MrmModal
  buttonText="Edit"
  className="edit-office-modal"
  closeModal={false}
  handleCloseRequest={[Function]}
  modalButtonClassName="edit-button"
  title="EDIT WING"
>
  <form
    className="modal-form"
  >
    <Input
      controlsClass=""
      id="wingName"
      inputClass="input1"
      labelClass="label1"
      labelName="Wing Name"
      name="wingName"
      onChange={[Function]}
      placeholder=""
      required={true}
      type="text"
      value="Epic"
    />
    <ActionButtons
      actionButtonText="SAVE CHANGES"
      cancelButtonText="CANCEL"
      isLoading={false}
      onClickCancel={[Function]}
      onClickSubmit={[Function]}
      withCancel={true}
    />
  </form>
</MrmModal>
`;
