// Jest Snapshot v1, https://goo.gl/fbAQLP

exports[`Input Component renders properly 1`] = `
<div
  className=""
>
  <label
    htmlFor=""
  >
    <input
      className=""
      id=""
      name=""
      onChange={[MockFunction]}
      type="text"
      value=""
    />
  </label>
</div>
`;
