// Jest Snapshot v1, https://goo.gl/fbAQLP

exports[`Login component should redirect to another page when a token is present in localstorage 1`] = `
<Login
  history={
    Object {
      "push": [MockFunction] {
        "calls": Array [
          Array [
            "/settings",
          ],
          Array [
            "/settings",
          ],
          Array [
            "/settings",
          ],
        ],
      },
    }
  }
  location={
    Object {
      "pathname": "/",
    }
  }
>
  <header
    className="home-header"
  >
    <h1>
      CONVERGE
    </h1>
  </header>
  <Component>
    <div
      id="converge-intro"
    >
      Meet the Meeting Room App
      <br />
      that your meeting room app aspires to be.
    </div>
  </Component>
  <LoginButton>
    <a
      href="undefined=undefined"
    >
      <input
        alt="Login With Your Email"
        className="btn-signin"
        src="test-file-stub"
        type="image"
      />
    </a>
  </LoginButton>
  <img
    alt="Dark Tablet"
    id="dark-tablet"
    src="test-file-stub"
  />
</Login>
`;

exports[`Login component should redirect to another page when a user successfully logs in and his token decoded 1`] = `
<Login
  history={
    Object {
      "push": [MockFunction] {
        "calls": Array [
          Array [
            "/settings",
          ],
        ],
      },
    }
  }
  location={
    Object {
      "pathname": "/",
    }
  }
>
  <header
    className="home-header"
  >
    <h1>
      CONVERGE
    </h1>
  </header>
  <Component>
    <div
      id="converge-intro"
    >
      Meet the Meeting Room App
      <br />
      that your meeting room app aspires to be.
    </div>
  </Component>
  <LoginButton>
    <a
      href="undefined=undefined"
    >
      <input
        alt="Login With Your Email"
        className="btn-signin"
        src="test-file-stub"
        type="image"
      />
    </a>
  </LoginButton>
  <img
    alt="Dark Tablet"
    id="dark-tablet"
    src="test-file-stub"
  />
</Login>
`;
