// Jest Snapshot v1, https://goo.gl/fbAQLP

exports[`People Component renders properly 1`] = `
<tr>
  <td>
    <img
      alt="profilePicture"
      className="profilePic"
      src="test-file-stub"
    />
    Edward Barton
  </td>
  <td>
    Nairobi
  </td>
  <td>
    Administrator
  </td>
  <td>
    <EditUser
      accessLevel="Administrator"
      userLocation="Nairobi"
      userName="Edward Barton"
    />
    <button>
      <img
        alt="Delete"
        src="test-file-stub"
      />
    </button>
  </td>
</tr>
`;
