// Jest Snapshot v1, https://goo.gl/fbAQLP

exports[`AddQuestion component should be rendered without errors 1`] = `
<MrmModal
  buttonText="Add Question"
  className="add-question-modal"
  closeModal={false}
  handleCloseRequest={[Function]}
  modalButtonClassName="button"
  title="ADD QUESTION"
>
  <form
    className="question-form"
  >
    <div>
      <span
        className="question-form__sections"
      >
        Date
      </span>
      <div>
        <ThemedThemed
          composeTheme="deeply"
          disabled={false}
          icon={
            <div
              className="calendarIconBtn"
            >
              <span>
                Jan 31 2019  -  Jan 31 2019
              </span>
            </div>
          }
          id="calendar-btn"
          mapThemrProps={[Function]}
          onClick={[Function]}
          ripple={true}
          rippleCentered={false}
          rippleClassName=""
          rippleMultiple={true}
          rippleSpread={2}
        />
      </div>
      <span
        className="question-form__sections"
      >
        Time
      </span>
      <div
        className="inputs-inline"
      >
        <div
          className="inputs"
        >
          <label
            className="inputs-title"
            htmlFor="startTime"
          >
            <span>
              Start
            </span>
          </label>
          <input
            id="timeField"
            name="startTime"
            onChange={[Function]}
            type="time"
            value="19:01"
          />
        </div>
        <div
          className="inputs"
        >
          <label
            className="inputs-title"
            htmlFor="endTime"
          >
            <span>
              End
            </span>
          </label>
          <input
            id="timeField"
            name="endTime"
            onChange={[Function]}
            type="time"
            value="20:01"
          />
        </div>
      </div>
      <span
        className="question-form__sections"
      >
        Question
      </span>
      <div
        className="inputs"
      >
        <input
          name="question"
          onChange={[Function]}
          placeholder="Enter Question here..."
          type="text"
        />
      </div>
      <div>
        <span
          className="question-form__sections"
        >
          Question Type
        </span>
        <SelectInput
          id="selectType"
          isValue={false}
          labelText=""
          name="questionType"
          onChange={[Function]}
          options={
            Array [
              Object {
                "id": "1",
                "name": "Rate",
              },
              Object {
                "id": "2",
                "name": "Check",
              },
              Object {
                "id": "3",
                "name": "Suggest",
              },
            ]
          }
          placeholder="Select Type"
          placeholderValue=""
          required={false}
          selectInputClassName="default-select"
          value=""
          wrapperClassName="input-wrapper"
        />
      </div>
      <div
        className="button-container"
      >
        <button
          onClick={[Function]}
        >
          save question
        </button>
        <button
          onClick={[Function]}
        >
          cancel
        </button>
      </div>
    </div>
  </form>
</MrmModal>
`;
