// Jest Snapshot v1, https://goo.gl/fbAQLP

exports[`Tests for SettingOffices renders the snapshot correctly 1`] = `
<div>
  <div
    className="settings-offices"
  >
    <div
      className="settings-offices-control"
    >
      <MenuTitle
        title="Wings"
      />
      <Apollo(Apollo(AddWing)) />
    </div>
    <div
      className="settings-offices-list"
    >
      <table>
        <ColGroup
          numberOfMiddleColumns={2}
        />
        <TableHead
          titles={
            Array [
              "Wing",
              "Block",
              "Floor",
              "Action",
            ]
          }
        />
        <tbody>
          <DataNotFound />
        </tbody>
      </table>
    </div>
  </div>
</div>
`;
