// Jest Snapshot v1, https://goo.gl/fbAQLP

exports[`Feedback component renders correctly in memory 1`] = `
<React.Fragment>
  <NavBar />
  <RoomFeedback />
</React.Fragment>
`;
