// Jest Snapshot v1, https://goo.gl/fbAQLP

exports[`Preference Component should render properly 1`] = `
<Fragment>
  <TopMenu />
  <div
    className="preference-container"
  >
    <BackArrow
      redirectUri="/analytics"
    />
    <NotificationSettingsList />
  </div>
</Fragment>
`;
