// Jest Snapshot v1, https://goo.gl/fbAQLP

exports[`Cancelled Event Component should render properly 1`] = `
<div
  className="email"
>
  <div
    className="email-header"
  >
    <div
      className="email-header-content"
    >
      <img
        alt=""
        className="email-logo"
        src="test-file-stub"
      />
      <p
        className="email-header-title"
      >
        Converge
      </p>
    </div>
  </div>
  <div
    className="email-body"
  >
    <p
      className="email-title"
    >
      Cancelled Event
    </p>
    <div
      className="email-body-content"
    >
      <p
        className="email-body-text"
      >
        <span
          className="sync-title"
        >
          Harrison &lt;&gt; Jolomi Sync
        </span>
         
        event was just cancelled
        <br />
         and removed from your calendar by
         
        <span
          className="admin"
        >
          Jolomi Otumara
        </span>
         with this note:
        <br />
        "Cancelling because of our leadership offsite."
      </p>
    </div>
  </div>
  <div
    className="email-sub-footer"
  >
    <div
      className="email-sub-footer-content"
    >
      <span>
        Have a question?
      </span>
      <a
        href="/"
      >
        support@converge.com
      </a>
    </div>
  </div>
  <p
    className="email-footer"
  >
    You can change your 
    <a
      href="/"
    >
      subscription settings
    </a>
     anytime.
  </p>
</div>
`;
