// Jest Snapshot v1, https://goo.gl/fbAQLP

exports[`EditOffice Component renders properly 1`] = `
<MrmModal
  buttonText="Edit"
  className="edit-office-modal"
  closeModal={false}
  handleCloseRequest={[Function]}
  modalButtonClassName="edit-button"
  title="EDIT OFFICE"
>
  <form
    className="modal-form"
  >
    <Input
      controlsClass=""
      id="officeName"
      inputClass="input1"
      labelClass="label1"
      labelName="Office Name"
      name="officeName"
      onChange={[Function]}
      placeholder=""
      required={true}
      type="text"
      value="Epic"
    />
    <SelectInput
      disabled={true}
      id="officeLocation"
      isValue={false}
      labelText="Select location"
      name="officeLocation"
      onChange={[Function]}
      options={Array []}
      placeholder="Lagos"
      placeholderValue=""
      required={false}
      selectInputClassName="edit-office-location default-select"
      value="Lagos"
      wrapperClassName="edit-office-select"
    />
    <ActionButtons
      actionButtonText="SAVE CHANGES"
      cancelButtonText="CANCEL"
      isLoading={false}
      onClickCancel={[Function]}
      onClickSubmit={[Function]}
      withCancel={true}
    />
  </form>
</MrmModal>
`;
