// Jest Snapshot v1, https://goo.gl/fbAQLP

exports[`BookedRoomsHOC Component should renders correctly 1`] = `
<ComposedBookedRooms
  bookedRoomText=""
  bookedRoomsList={Array []}
  dateValue="Today"
  fetching={false}
  moreIcon="test-file-stub"
  pollIcon="test-file-stub"
/>
`;

exports[`BookedRoomsHOC Component should renders correctly 2`] = `
<ComposedBookedRooms
  bookedRoomText=""
  bookedRoomsList={Array []}
  dateValue="Today"
  fetching={false}
  moreIcon="test-file-stub"
  pollIcon="test-file-stub"
/>
`;

exports[`BookedRoomsHOC Component should renders correctly 3`] = `
<div
  className="wrap-composed-rooms"
>
  <div>
    <ComposedBooked
      bookedRoomText="Most Booked Rooms"
      component={[Function]}
      dateValue="Today"
    />
  </div>
  <div
    id="booked-room-margin"
  >
    <ComposedBooked
      bookedRoomText="Least Booked Rooms"
      component={[Function]}
      dateValue="Today"
    />
  </div>
</div>
`;
