// Jest Snapshot v1, https://goo.gl/fbAQLP

exports[`QueryAnalyticsPerMonthPagination component should click next 1`] = `
<QueryAnalyticsPerMonthPagination>
  <Pagination
    handleData={[Function]}
    hasNext={true}
    hasPrevious={false}
    itemsPerPage={
      Array [
        5,
        10,
        20,
        50,
      ]
    }
    reverse={true}
    totalPages={50}
  >
    <nav
      className="page-navigation"
    >
      <div
        className="perPageBlock"
      >
        <ul
          className="pagination"
        >
          <select
            className="page-select"
            name="perPage"
            onChange={[Function]}
            value={5}
          >
            <option
              key="6"
            >
              5
            </option>
            <option
              key="11"
            >
              10
            </option>
            <option
              key="21"
            >
              20
            </option>
            <option
              key="51"
            >
              50
            </option>
          </select>
          <li>
            Items per page
          </li>
        </ul>
      </div>
      <div
        className="showingBlock"
      >
        <ul
          className="pagination"
        >
          <li>
            <button
              className="disabled"
              id="previous"
              onClick={[Function]}
            >
              Previous
            </button>
          </li>
          <li
            className="results"
          >
            <ul>
              <span>
                Showing 
              </span>
              <select
                className="totalPage"
                name="page"
                onChange={[Function]}
                value={2}
              >
                <option
                  key="0"
                >
                  1
                </option>
                <option
                  key="1"
                >
                  2
                </option>
                <option
                  key="2"
                >
                  3
                </option>
                <option
                  key="3"
                >
                  4
                </option>
                <option
                  key="4"
                >
                  5
                </option>
                <option
                  key="5"
                >
                  6
                </option>
                <option
                  key="6"
                >
                  7
                </option>
                <option
                  key="7"
                >
                  8
                </option>
                <option
                  key="8"
                >
                  9
                </option>
                <option
                  key="9"
                >
                  10
                </option>
                <option
                  key="10"
                >
                  11
                </option>
                <option
                  key="11"
                >
                  12
                </option>
                <option
                  key="12"
                >
                  13
                </option>
                <option
                  key="13"
                >
                  14
                </option>
                <option
                  key="14"
                >
                  15
                </option>
                <option
                  key="15"
                >
                  16
                </option>
                <option
                  key="16"
                >
                  17
                </option>
                <option
                  key="17"
                >
                  18
                </option>
                <option
                  key="18"
                >
                  19
                </option>
                <option
                  key="19"
                >
                  20
                </option>
                <option
                  key="20"
                >
                  21
                </option>
                <option
                  key="21"
                >
                  22
                </option>
                <option
                  key="22"
                >
                  23
                </option>
                <option
                  key="23"
                >
                  24
                </option>
                <option
                  key="24"
                >
                  25
                </option>
                <option
                  key="25"
                >
                  26
                </option>
                <option
                  key="26"
                >
                  27
                </option>
                <option
                  key="27"
                >
                  28
                </option>
                <option
                  key="28"
                >
                  29
                </option>
                <option
                  key="29"
                >
                  30
                </option>
                <option
                  key="30"
                >
                  31
                </option>
                <option
                  key="31"
                >
                  32
                </option>
                <option
                  key="32"
                >
                  33
                </option>
                <option
                  key="33"
                >
                  34
                </option>
                <option
                  key="34"
                >
                  35
                </option>
                <option
                  key="35"
                >
                  36
                </option>
                <option
                  key="36"
                >
                  37
                </option>
                <option
                  key="37"
                >
                  38
                </option>
                <option
                  key="38"
                >
                  39
                </option>
                <option
                  key="39"
                >
                  40
                </option>
                <option
                  key="40"
                >
                  41
                </option>
                <option
                  key="41"
                >
                  42
                </option>
                <option
                  key="42"
                >
                  43
                </option>
                <option
                  key="43"
                >
                  44
                </option>
                <option
                  key="44"
                >
                  45
                </option>
                <option
                  key="45"
                >
                  46
                </option>
                <option
                  key="46"
                >
                  47
                </option>
                <option
                  key="47"
                >
                  48
                </option>
                <option
                  key="48"
                >
                  49
                </option>
                <option
                  key="49"
                >
                  50
                </option>
              </select>
              <span
                className="pageNum reverse"
              >
                 of 
                50
                 Results
              </span>
            </ul>
          </li>
          <li>
            <button
              className="enabled"
              id="next"
              onClick={[Function]}
            >
              Next
            </button>
          </li>
        </ul>
      </div>
    </nav>
  </Pagination>
</QueryAnalyticsPerMonthPagination>
`;
