// Jest Snapshot v1, https://goo.gl/fbAQLP

exports[`Test the AddFloor component should render correctly 1`] = `
<ThemedIconMenu
  className="add-room-menu"
  composeTheme="deeply"
  icon={
    <div
      className="addRoomBtn"
    >
      <span>
        Add Floor
      </span>
    </div>
  }
  iconRipple={true}
  mapThemrProps={[Function]}
  menuRipple={true}
  position="auto"
  selectable={false}
>
  <ThemedThemed
    caption="Select Office"
    composeTheme="deeply"
    disabled={true}
    mapThemrProps={[Function]}
    ripple={true}
    rippleCentered={false}
    rippleClassName=""
    rippleMultiple={true}
    rippleSpread={2}
  />
  <ThemedMenuDivider
    composeTheme="deeply"
    mapThemrProps={[Function]}
  />
  <ThemedThemed
    composeTheme="deeply"
    disabled={false}
    key="1"
    mapThemrProps={[Function]}
    ripple={true}
    rippleCentered={false}
    rippleClassName=""
    rippleMultiple={true}
    rippleSpread={2}
  >
    <Apollo(AddFloor)
      blocks={
        Array [
          Object {
            "id": 1,
            "name": "Kampala",
            "offices": Object {
              "id": "2",
              "location": Object {
                "name": "Nairobi",
              },
            },
          },
        ]
      }
      currentPage={1}
      officeId={1}
      refetch={[MockFunction]}
      theOffice="Kampala"
    />
  </ThemedThemed>
</ThemedIconMenu>
`;
