// Jest Snapshot v1, https://goo.gl/fbAQLP

exports[`Tests for SettingsContent renders correctly in memory 1`] = `
<div
  className="settings-vertical"
>
  <SettingsNav />
  <OfficeList />
</div>
`;
