// Jest Snapshot v1, https://goo.gl/fbAQLP

exports[`BuildingCard component should render with no errors 1`] = `
<div
  className="office-structure-container"
>
  <button
    className="office-structure-block office-structure-block"
    onClick={[Function]}
  />
  <button
    className="office-structure-block office-structure-block"
    onClick={[Function]}
  />
</div>
`;
