// Jest Snapshot v1, https://goo.gl/fbAQLP

exports[`IconButtons Component renders properly 1`] = `
<IconButtons
  buttonText="button"
  disabled={false}
  modalButtonClassName="button"
  openModal={[MockFunction]}
>
  <button
    className="button"
    disabled={false}
    id="modal-button"
    onClick={[MockFunction]}
  >
    button
  </button>
</IconButtons>
`;
