// Jest Snapshot v1, https://goo.gl/fbAQLP

exports[`Input With Plus Icon component should render properly 1`] = `
<Fragment>
  <SingleInputWithAddIcon
    inputPlaceholder="Building"
    pressed={[Function]}
  />
</Fragment>
`;
