// Jest Snapshot v1, https://goo.gl/fbAQLP

exports[`DeviceList Component renders correctly from memory 1`] = `
<div
  className="settings-devices-list overlay-container"
>
  <div
    className="settings-devices-control"
  />
  <div
    className="add-new-resource"
  >
    <DeviceFormModal
      location={
        Object {
          "name": "Lagos",
        }
      }
      refetch={[Function]}
      rooms={Array []}
    />
  </div>
  <div
    className="table"
  >
    <TableHead
      titles={
        Array [
          "Name",
          "Type",
          "Date Added",
          "Last Seen",
          "Location",
        ]
      }
    />
    <div
      className="table__body"
    >
      <Device
        device={
          Object {
            "dateAdded": "14 Aug 2018",
            "deviceType": "Internal Display",
            "lastSeen": "16 Feb 2018",
            "location": "Nairobi",
            "name": "Samsung Note",
          }
        }
        key="Samsung Noteundefined"
      />
      <Device
        device={
          Object {
            "dateAdded": "14 Aug 2018",
            "deviceType": "Internal Display",
            "lastSeen": "16 Feb 2018",
            "location": "Nairobi",
            "name": "Samsung duos",
          }
        }
        key="Samsung duosundefined"
      />
      <Device
        device={
          Object {
            "dateAdded": "14 Aug 2018",
            "deviceType": "Internal Display",
            "lastSeen": "16 Feb 2018",
            "location": "Nairobi",
            "name": "Samsung Galaxy",
          }
        }
        key="Samsung Galaxyundefined"
      />
      <Device
        device={
          Object {
            "dateAdded": "14 Aug 2018",
            "deviceType": "Internal Display",
            "lastSeen": "16 Feb 2018",
            "location": "Nairobi",
            "name": "Samsung tablet",
          }
        }
        key="Samsung tabletundefined"
      />
    </div>
  </div>
</div>
`;
